// Jest Snapshot v1, https://goo.gl/fbAQLP

exports[`[ component / HeaderDashboard ] when  \`HeaderDashboard\` is mounted [\`HeaderDashboard\`] 1`] = `
<DocumentFragment>
  <header
    class="header-dashboard"
  >
    <figure
      class="header-dashboard__container-img"
    >
      <img
        alt="logo"
        class="header-dashboard__container-img--img"
        src="img-perfile.png"
      />
    </figure>
    <p
      class="header-dashboard--name-user"
    >
      Hi, 
      <span>
        Leonardo
      </span>
    </p>
    <nav
      class="header-dashboard__nav"
    >
      <a
        href="/"
      >
        <i
          class="fas fa-sign-out-alt header-dashboard__nav--logout"
        />
      </a>
    </nav>
  </header>
</DocumentFragment>
`;
