// Jest Snapshot v1, https://goo.gl/fbAQLP

exports[`[ component / FooterDashboard ] when  \`FooterDashboard\` is mounted [\`FooterDashboard\`] 1`] = `
<DocumentFragment>
  <footer
    class="footer-dashboard"
  >
    <figure
      class="footer-dashboard__container-img"
    >
      <img
        alt="Imagen de logotipo"
        class="footer-dashboard__container-img--img"
        src="logoTipo.png"
      />
    </figure>
  </footer>
</DocumentFragment>
`;
